Copyright 1986-2022 Xilinx, Inc. All Rights Reserved. Copyright 2022-2025 Advanced Micro Devices, Inc. All Rights Reserved.
---------------------------------------------------------------------------------------------------------------------------------------------------------------------------------------------------------------------------------------------------
| Tool Version      : Vivado v.2025.1 (lin64) Build 6140274 Wed May 21 22:58:25 MDT 2025
| Date              : Mon May 25 22:03:43 2026
| Host              : KHA-PC running 64-bit Ubuntu 25.10
| Command           : report_timing_summary -file /home/kevin/Dev/Imperial/HGQ2-examples/jsc150/masters_results_5/demoA_n64_xcau7p/bram_6_8__none/epoch=4433-val_acc=0.817-ebops=40646-val_loss=0.534/output_jsc/reports/jsc_post_place_timing.rpt
| Design            : jsc
| Device            : xcau7p-sbvc484
| Speed File        : -2  PRODUCTION 1.04 04-20-2024
| Design State      : Physopt postPlace
| Temperature Grade : E
---------------------------------------------------------------------------------------------------------------------------------------------------------------------------------------------------------------------------------------------------

Timing Summary Report

------------------------------------------------------------------------------------------------
| Timer Settings
| --------------
------------------------------------------------------------------------------------------------

  Enable Multi Corner Analysis               :  Yes
  Enable Pessimism Removal                   :  Yes
  Pessimism Removal Resolution               :  Nearest Common Node
  Enable Input Delay Default Clock           :  No
  Enable Preset / Clear Arcs                 :  No
  Disable Flight Delays                      :  No
  Ignore I/O Paths                           :  No
  Timing Early Launch at Borrowing Latches   :  No
  Borrow Time for Max Delay Exceptions       :  Yes
  Merge Timing Exceptions                    :  Yes
  Inter-SLR Compensation                     :  Conservative

  Corner  Analyze    Analyze    
  Name    Max Paths  Min Paths  
  ------  ---------  ---------  
  Slow    Yes        Yes        
  Fast    Yes        Yes        


------------------------------------------------------------------------------------------------
| Report Methodology
| ------------------
------------------------------------------------------------------------------------------------

No report available as report_methodology has not been run prior. Run report_methodology on the current design for the summary of methodology violations.



check_timing report

Table of Contents
-----------------
1. checking no_clock (0)
2. checking constant_clock (0)
3. checking pulse_width_clock (0)
4. checking unconstrained_internal_endpoints (0)
5. checking no_input_delay (0)
6. checking no_output_delay (0)
7. checking multiple_clock (0)
8. checking generated_clocks (0)
9. checking loops (0)
10. checking partial_input_delay (0)
11. checking partial_output_delay (0)
12. checking latch_loops (0)

1. checking no_clock (0)
------------------------
 There are 0 register/latch pins with no clock.


2. checking constant_clock (0)
------------------------------
 There are 0 register/latch pins with constant_clock.


3. checking pulse_width_clock (0)
---------------------------------
 There are 0 register/latch pins which need pulse_width check


4. checking unconstrained_internal_endpoints (0)
------------------------------------------------
 There are 0 pins that are not constrained for maximum delay.

 There are 0 pins that are not constrained for maximum delay due to constant clock.


5. checking no_input_delay (0)
------------------------------
 There are 0 input ports with no input delay specified.

 There are 0 input ports with no input delay but user has a false path constraint.


6. checking no_output_delay (0)
-------------------------------
 There are 0 ports with no output delay specified.

 There are 0 ports with no output delay but user has a false path constraint

 There are 0 ports with no output delay but with a timing clock defined on it or propagating through it


7. checking multiple_clock (0)
------------------------------
 There are 0 register/latch pins with multiple clocks.


8. checking generated_clocks (0)
--------------------------------
 There are 0 generated clocks that are not connected to a clock source.


9. checking loops (0)
---------------------
 There are 0 combinational loops in the design.


10. checking partial_input_delay (0)
------------------------------------
 There are 0 input ports with partial input delay specified.


11. checking partial_output_delay (0)
-------------------------------------
 There are 0 ports with partial output delay specified.


12. checking latch_loops (0)
----------------------------
 There are 0 combinational latch loops in the design through latch input



------------------------------------------------------------------------------------------------
| Design Timing Summary
| ---------------------
------------------------------------------------------------------------------------------------

    WNS(ns)      TNS(ns)  TNS Failing Endpoints  TNS Total Endpoints      WHS(ns)      THS(ns)  THS Failing Endpoints  THS Total Endpoints     WPWS(ns)     TPWS(ns)  TPWS Failing Endpoints  TPWS Total Endpoints  
    -------      -------  ---------------------  -------------------      -------      -------  ---------------------  -------------------     --------     --------  ----------------------  --------------------  
      0.211        0.000                      0                36248        0.001        0.000                      0                36248        0.958        0.000                       0                 35313  


All user specified timing constraints are met.


------------------------------------------------------------------------------------------------
| Clock Summary
| -------------
------------------------------------------------------------------------------------------------

Clock    Waveform(ns)         Period(ns)      Frequency(MHz)
-----    ------------         ----------      --------------
sys_clk  {0.000 1.500}        3.000           333.333         


------------------------------------------------------------------------------------------------
| Intra Clock Table
| -----------------
------------------------------------------------------------------------------------------------

Clock             WNS(ns)      TNS(ns)  TNS Failing Endpoints  TNS Total Endpoints      WHS(ns)      THS(ns)  THS Failing Endpoints  THS Total Endpoints     WPWS(ns)     TPWS(ns)  TPWS Failing Endpoints  TPWS Total Endpoints  
-----             -------      -------  ---------------------  -------------------      -------      -------  ---------------------  -------------------     --------     --------  ----------------------  --------------------  
sys_clk             0.211        0.000                      0                36248        0.001        0.000                      0                36248        0.958        0.000                       0                 35313  


------------------------------------------------------------------------------------------------
| Inter Clock Table
| -----------------
------------------------------------------------------------------------------------------------

From Clock    To Clock          WNS(ns)      TNS(ns)  TNS Failing Endpoints  TNS Total Endpoints      WHS(ns)      THS(ns)  THS Failing Endpoints  THS Total Endpoints  
----------    --------          -------      -------  ---------------------  -------------------      -------      -------  ---------------------  -------------------  


------------------------------------------------------------------------------------------------
| Other Path Groups Table
| -----------------------
------------------------------------------------------------------------------------------------

Path Group    From Clock    To Clock          WNS(ns)      TNS(ns)  TNS Failing Endpoints  TNS Total Endpoints      WHS(ns)      THS(ns)  THS Failing Endpoints  THS Total Endpoints  
----------    ----------    --------          -------      -------  ---------------------  -------------------      -------      -------  ---------------------  -------------------  


------------------------------------------------------------------------------------------------
| Timing Details
| --------------
------------------------------------------------------------------------------------------------


---------------------------------------------------------------------------------------------------
From Clock:  sys_clk
  To Clock:  sys_clk

Setup :            0  Failing Endpoints,  Worst Slack        0.211ns,  Total Violation        0.000ns
Hold  :            0  Failing Endpoints,  Worst Slack        0.001ns,  Total Violation        0.000ns
PW    :            0  Failing Endpoints,  Worst Slack        0.958ns,  Total Violation        0.000ns
---------------------------------------------------------------------------------------------------


Max Delay Paths
--------------------------------------------------------------------------------------
Slack (MET) :             0.211ns  (required time - arrival time)
  Source:                 stage13_inp_reg[73]/C
                            (rising edge-triggered cell FDRE clocked by sys_clk  {rise@0.000ns fall@1.500ns period=3.000ns})
  Destination:            stage14/op_98/readout_reg/ADDRARDADDR[10]
                            (rising edge-triggered cell RAMB18E2 clocked by sys_clk  {rise@0.000ns fall@1.500ns period=3.000ns})
  Path Group:             sys_clk
  Path Type:              Setup (Max at Slow Process Corner)
  Requirement:            3.000ns  (sys_clk rise@3.000ns - sys_clk rise@0.000ns)
  Data Path Delay:        2.480ns  (logic 0.910ns (36.694%)  route 1.570ns (63.306%))
  Logic Levels:           8  (CARRY8=4 LUT2=2 LUT3=1 LUT5=1)
  Clock Path Skew:        0.011ns (DCD - SCD + CPR)
    Destination Clock Delay (DCD):    0.039ns = ( 3.039 - 3.000 ) 
    Source Clock Delay      (SCD):    0.028ns
    Clock Pessimism Removal (CPR):    0.000ns
  Clock Uncertainty:      0.035ns  ((TSJ^2 + TIJ^2)^1/2 + DJ) / 2 + PE + UU
    Total System Jitter     (TSJ):    0.071ns
    Total Input Jitter      (TIJ):    0.000ns
    Discrete Jitter          (DJ):    0.000ns
    Phase Error              (PE):    0.000ns
    User Uncertainty         (UU):    0.000ns

    Location             Delay type                Incr(ns)  Path(ns)    Netlist Resource(s)
  -------------------------------------------------------------------    -------------------
                         (clock sys_clk rise edge)    0.000     0.000 r  
                                                      0.000     0.000 r  clk (IN)
                         net (fo=35312, unset)        0.028     0.028    clk
    SLICE_X4Y70          FDRE                                         r  stage13_inp_reg[73]/C
  -------------------------------------------------------------------    -------------------
    SLICE_X4Y70          FDRE (Prop_AFF_SLICEL_C_Q)
                                                      0.079     0.107 r  stage13_inp_reg[73]/Q
                         net (fo=2, estimated)        0.219     0.326    stage13_inp[73]
    SLICE_X5Y70          CARRY8 (Prop_CARRY8_SLICEM_S[2]_O[5])
                                                      0.200     0.526 r  stage13/op_11/accum_carry/O[5]
                         net (fo=1, estimated)        0.384     0.910    stage13/op_11/accum_carry_n_10
    SLICE_X2Y54          LUT2 (Prop_F6LUT_SLICEL_I1_O)
                                                      0.035     0.945 r  accum_carry_i_3__209/O
                         net (fo=1, routed)           0.011     0.956    accum_carry_i_3__209_n_0
    SLICE_X2Y54          CARRY8 (Prop_CARRY8_SLICEL_S[5]_CO[7])
                                                      0.155     1.111 r  stage13/op_49/accum_carry/CO[7]
                         net (fo=1, estimated)        0.026     1.137    stage13/op_49/accum_carry_n_0
    SLICE_X2Y55          CARRY8 (Prop_CARRY8_SLICEL_CI_O[0])
                                                      0.056     1.193 r  stage13/op_49/accum_carry__0/O[0]
                         net (fo=1, estimated)        0.304     1.497    stage13/in1[8]
    SLICE_X7Y55          LUT2 (Prop_A6LUT_SLICEL_I1_O)
                                                      0.035     1.532 r  accum__41_carry__0_i_7/O
                         net (fo=1, routed)           0.009     1.541    accum__41_carry__0_i_7_n_0
    SLICE_X7Y55          CARRY8 (Prop_CARRY8_SLICEL_S[0]_O[3])
                                                      0.138     1.679 f  stage13/op_49/accum__41_carry__0/O[3]
                         net (fo=9, estimated)        0.223     1.902    stage13/op_49/accum__41_carry__0_n_12
    SLICE_X7Y60          LUT5 (Prop_E6LUT_SLICEL_I0_O)
                                                      0.123     2.025 r  readout_reg_i_10__31/O
                         net (fo=8, estimated)        0.126     2.151    readout_reg_i_10__31_n_0
    SLICE_X7Y62          LUT3 (Prop_D6LUT_SLICEL_I1_O)
                                                      0.089     2.240 r  readout_reg_i_2__68/O
                         net (fo=2, estimated)        0.268     2.508    stage14_inp[431]
    RAMB18_X0Y24         RAMB18E2                                     r  stage14/op_98/readout_reg/ADDRARDADDR[10]
  -------------------------------------------------------------------    -------------------

                         (clock sys_clk rise edge)    3.000     3.000 r  
                                                      0.000     3.000 r  clk (IN)
                         net (fo=35312, unset)        0.039     3.039    clk
    RAMB18_X0Y24         RAMB18E2                                     r  stage14/op_98/readout_reg/CLKARDCLK
                         clock pessimism              0.000     3.039    
                         clock uncertainty           -0.035     3.004    
    RAMB18_X0Y24         RAMB18E2 (Setup_RAMB18E2_L_RAMB180_CLKARDCLK_ADDRARDADDR[10])
                                                     -0.285     2.719    stage14/op_98/readout_reg
  -------------------------------------------------------------------
                         required time                          2.719    
                         arrival time                          -2.508    
  -------------------------------------------------------------------
                         slack                                  0.211    





Min Delay Paths
--------------------------------------------------------------------------------------
Slack (MET) :             0.001ns  (arrival time - required time)
  Source:                 stage7/v187_reg[9]/C
                            (rising edge-triggered cell FDRE clocked by sys_clk  {rise@0.000ns fall@1.500ns period=3.000ns})
  Destination:            stage10_inp_reg[1028]_srl3/D
                            (rising edge-triggered cell SRL16E clocked by sys_clk  {rise@0.000ns fall@1.500ns period=3.000ns})
  Path Group:             sys_clk
  Path Type:              Hold (Min at Fast Process Corner)
  Requirement:            0.000ns  (sys_clk rise@0.000ns - sys_clk rise@0.000ns)
  Data Path Delay:        0.073ns  (logic 0.039ns (53.425%)  route 0.034ns (46.575%))
  Logic Levels:           0  
  Clock Path Skew:        0.027ns (DCD - SCD - CPR)
    Destination Clock Delay (DCD):    0.039ns
    Source Clock Delay      (SCD):    0.012ns
    Clock Pessimism Removal (CPR):    -0.000ns

    Location             Delay type                Incr(ns)  Path(ns)    Netlist Resource(s)
  -------------------------------------------------------------------    -------------------
                         (clock sys_clk rise edge)    0.000     0.000 r  
                                                      0.000     0.000 r  clk (IN)
                         net (fo=35312, unset)        0.012     0.012    clk
    SLICE_X23Y148        FDRE                                         r  stage7/v187_reg[9]/C
  -------------------------------------------------------------------    -------------------
    SLICE_X23Y148        FDRE (Prop_BFF_SLICEL_C_Q)
                                                      0.039     0.051 r  stage7/v187_reg[9]/Q
                         net (fo=1, estimated)        0.034     0.085    stage7/v187_reg_n_0_[9]
    SLICE_X22Y147        SRL16E                                       r  stage10_inp_reg[1028]_srl3/D
  -------------------------------------------------------------------    -------------------

                         (clock sys_clk rise edge)    0.000     0.000 r  
                                                      0.000     0.000 r  clk (IN)
                         net (fo=35312, unset)        0.039     0.039    clk
    SLICE_X22Y147        SRL16E                                       r  stage10_inp_reg[1028]_srl3/CLK
                         clock pessimism              0.000     0.039    
    SLICE_X22Y147        SRL16E (Hold_B5LUT_SLICEM_CLK_D)
                                                      0.045     0.084    stage10_inp_reg[1028]_srl3
  -------------------------------------------------------------------
                         required time                         -0.084    
                         arrival time                           0.085    
  -------------------------------------------------------------------
                         slack                                  0.001    





Pulse Width Checks
--------------------------------------------------------------------------------------
Clock Name:         sys_clk
Waveform(ns):       { 0.000 1.500 }
Period(ns):         3.000
Sources:            { clk }

Check Type        Corner  Lib Pin             Reference Pin  Required(ns)  Actual(ns)  Slack(ns)  Location      Pin
Min Period        n/a     RAMB18E2/CLKARDCLK  n/a            1.355         3.000       1.645      RAMB18_X1Y11  stage1/op_1/readout_reg/CLKARDCLK
Low Pulse Width   Slow    RAMB18E2/CLKARDCLK  n/a            0.542         1.500       0.958      RAMB18_X1Y11  stage1/op_1/readout_reg/CLKARDCLK
High Pulse Width  Slow    RAMB18E2/CLKARDCLK  n/a            0.542         1.500       0.958      RAMB18_X1Y11  stage1/op_1/readout_reg/CLKARDCLK



